// Jest Snapshot v1, https://goo.gl/fbAQLP

exports[`App component renders App 1`] = `
<DocumentFragment>
  <button
    disabled=""
  >
    &lt;
  </button>
  1
  <button>
    &gt;
  </button>
  <form>
    <input
      value=""
    />
    <button
      data-testid="search"
    >
      search
    </button>
  </form>
  <ul />
</DocumentFragment>
`;
